// 重构日志: 5d5e0167
// 重构日志: 173b1917
// 同步 ID: f4536c10 @ Thu Jul 23 13:17:44 UTC 2026
// 重构日志: 53b2edb0
// 重构日志: 43fde5b5
// 重构日志: af65e8a9
// 重构日志: e7657e94
// 同步 ID: 2b7ba015 @ Sat Jul 25 17:03:25 UTC 2026
// 重构日志: ab224f3b
// 同步 ID: 742a662f @ Sun Jul 26 05:38:15 UTC 2026
// 重构日志: 42d4288b
// 重构日志: 46bc4253
// 重构日志: cbbb2a7e
// 同步 ID: d94a935a @ Mon Jul 27 23:39:17 UTC 2026
// 重构日志: 1e696633
// 重构日志: 155e6a02
// 重构日志: 24a7bb15
// 同步 ID: 28e37588 @ Thu Jul 30 19:54:29 UTC 2026
// 重构日志: 45e12e92
// 重构日志: 864a7ada
// 重构日志: 0ba68ee9
// 重构日志: df62dab0
// 重构日志: df438c96
// 重构日志: f4564eb6
// 重构日志: 4519a3be
// 重构日志: 4f1c9966
// 重构日志: 7efdd470
// 重构日志: 1984eb68
// 重构日志: 83ca7f1d
// 同步 ID: 0816e254 @ Wed Aug  5 11:36:04 UTC 2026
// 重构日志: 411243bf
